........................................................................ [ 16%]
........................................................................ [ 32%]
........................................................................ [ 48%]
........................................................................ [ 64%]
........................................................................ [ 80%]
........................................................................ [ 96%]
..................                                                       [100%]
=============================== warnings summary ===============================
<frozen abc>:106
<frozen abc>:106
<frozen abc>:106
<frozen abc>:106
  <frozen abc>:106: DeprecationWarning: BaseAgentConfig is deprecated and will be removed in future versions. Config is now loaded via reflection so the separate config class is no longer needed.

../opt/venv/lib/python3.12/site-packages/fastapi/testclient.py:1
  /opt/venv/lib/python3.12/site-packages/fastapi/testclient.py:1: StarletteDeprecationWarning: Using `httpx` with `starlette.testclient` is deprecated; install `httpx2` instead.
    from starlette.testclient import TestClient as TestClient  # noqa

../opt/venv/lib/python3.12/site-packages/google/adk/features/_feature_decorator.py:72
  /opt/venv/lib/python3.12/site-packages/google/adk/features/_feature_decorator.py:72: UserWarning: [EXPERIMENTAL] feature FeatureName.PLUGGABLE_AUTH is enabled.
    check_feature_enabled()

tests/test_engine/test_approval_gate.py::test_matched_tool_pauses_run_without_executing
  /opt/venv/lib/python3.12/site-packages/google/adk/tools/mcp_tool/mcp_toolset.py:346: UserWarning: [EXPERIMENTAL] feature FeatureName._MCP_GRACEFUL_ERROR_HANDLING is enabled.
    session = await self._mcp_session_manager.create_session(

tests/test_engine/test_approval_gate.py: 9 warnings
tests/test_engine/test_multiagent.py: 2 warnings
tests/test_mcp/test_integration.py: 1 warning
tests/test_protocol/test_approval_api.py: 5 warnings
  /opt/venv/lib/python3.12/site-packages/google/adk/tools/mcp_tool/mcp_toolset.py:388: DeprecationWarning: MCPTool class is deprecated, use `McpTool` instead.
    mcp_tool = MCPTool(

tests/test_engine/test_approval_gate.py::test_matched_tool_pauses_run_without_executing
  /opt/venv/lib/python3.12/site-packages/google/adk/features/_feature_decorator.py:72: UserWarning: [EXPERIMENTAL] feature FeatureName.BASE_AUTHENTICATED_TOOL is enabled.
    check_feature_enabled()

tests/test_engine/test_approval_gate.py::test_matched_tool_pauses_run_without_executing
  /opt/venv/lib/python3.12/site-packages/google/adk/models/llm_request.py:273: UserWarning: [EXPERIMENTAL] feature FeatureName.JSON_SCHEMA_FOR_FUNC_DECL is enabled.
    declaration = tool._get_declaration()

tests/test_engine/test_rag.py::TestMockModelHook::test_mock_runner_env_selects_deterministic_runner
  C:\Users\Bassem\Code\simple-agent\tests\test_engine\test_rag.py:649: RuntimeWarning: coroutine 'ServerManager.close' was never awaited
  Enable tracemalloc to get traceback where the object was allocated.
  See https://docs.pytest.org/en/stable/how-to/capture-warnings.html#resource-warnings for more info.

tests/test_engine/test_rag.py::TestMockModelHook::test_mock_runner_env_selects_deterministic_runner
  C:\Users\Bassem\Code\simple-agent\tests\test_engine\test_rag.py:657: RuntimeWarning: coroutine 'ServerManager.close' was never awaited
  Enable tracemalloc to get traceback where the object was allocated.
  See https://docs.pytest.org/en/stable/how-to/capture-warnings.html#resource-warnings for more info.

-- Docs: https://docs.pytest.org/en/stable/how-to/capture-warnings.html
450 passed, 28 warnings in 141.35s (0:02:21)
